error[E0366]: `!NotNil` impls cannot be specialized
  --> $DIR/coherence-overlap-negative-impls.rs:38:5
   |
LL |     impl !NotNil for Is<Nil> {}
   |     ^^^^^^^^^^^^^^^^^^^^^^^^
   |
   = note: `Nil` is not a generic parameter
note: use the same sequence of generic lifetime, type and const parameters as the struct definition
  --> $DIR/coherence-overlap-negative-impls.rs:35:5
   |
LL |     pub struct Is<T>(T);
   |     ^^^^^^^^^^^^^^^^

error: aborting due to 1 previous error

For more information about this error, try `rustc --explain E0366`.
