error: lifetime may not live long enough
  --> $DIR/match-ref-mut-let-invariance.rs:10:13
   |
LL | impl<'b> S<'b> {
   |      -- lifetime `'b` defined here
LL |     fn bar<'a>(&'a mut self) -> &'a mut &'a i32 {
   |            -- lifetime `'a` defined here
LL |         let ref mut x = self.0;
   |             ^^^^^^^^^ assignment requires that `'a` must outlive `'b`
   |
   = help: consider adding the following bound: `'a: 'b`
   = note: requirement occurs because of a mutable reference to `&i32`
   = note: mutable references are invariant over their type parameter
   = help: see <https://doc.rust-lang.org/nomicon/subtyping.html> for more information about variance

error: aborting due to 1 previous error

