error: malformed `rustc_on_unimplemented` attribute input
  --> $DIR/bad-annotation.rs:17:1
   |
LL | #[rustc_on_unimplemented]
   | ^^^^^^^^^^^^^^^^^^^^^^^^^
   |
help: the following are the possible correct uses
   |
LL | #[rustc_on_unimplemented = "message"]
   |                          +++++++++++
LL | #[rustc_on_unimplemented(/*opt*/ message = "...", /*opt*/ label = "...", /*opt*/ note = "...")]
   |                         ++++++++++++++++++++++++++++++++++++++++++++++++++++++++++++++++++++++

warning: there is no parameter `C` on trait `BadAnnotation2`
  --> $DIR/bad-annotation.rs:22:90
   |
LL | #[rustc_on_unimplemented = "Unimplemented trait error on `{Self}` with params `<{A},{B},{C}>`"]
   |                                                                                          ^
   |
   = help: expect either a generic argument name or `{Self}` as format argument
   = note: `#[warn(unknown_or_malformed_diagnostic_attributes)]` on by default

warning: positional format arguments are not allowed here
  --> $DIR/bad-annotation.rs:27:90
   |
LL | #[rustc_on_unimplemented = "Unimplemented trait error on `{Self}` with params `<{A},{B},{}>`"]
   |                                                                                          ^
   |
   = help: only named format arguments with the name of one of the generic types are allowed in this context

error[E0232]: this attribute must have a valid value
  --> $DIR/bad-annotation.rs:32:26
   |
LL | #[rustc_on_unimplemented(lorem="")]
   |                          ^^^^^^^^ expected value here
   |
   = note: eg `#[rustc_on_unimplemented(message="foo")]`

error[E0232]: this attribute must have a valid value
  --> $DIR/bad-annotation.rs:36:26
   |
LL | #[rustc_on_unimplemented(lorem(ipsum(dolor)))]
   |                          ^^^^^^^^^^^^^^^^^^^ expected value here
   |
   = note: eg `#[rustc_on_unimplemented(message="foo")]`

error[E0232]: this attribute must have a valid value
  --> $DIR/bad-annotation.rs:40:39
   |
LL | #[rustc_on_unimplemented(message="x", message="y")]
   |                                       ^^^^^^^^^^^ expected value here
   |
   = note: eg `#[rustc_on_unimplemented(message="foo")]`

error[E0232]: this attribute must have a valid value
  --> $DIR/bad-annotation.rs:44:39
   |
LL | #[rustc_on_unimplemented(message="x", on(desugared, message="y"))]
   |                                       ^^^^^^^^^^^^^^^^^^^^^^^^^^ expected value here
   |
   = note: eg `#[rustc_on_unimplemented(message="foo")]`

error[E0232]: empty `on`-clause in `#[rustc_on_unimplemented]`
  --> $DIR/bad-annotation.rs:48:26
   |
LL | #[rustc_on_unimplemented(on(), message="y")]
   |                          ^^^^ empty on-clause here

error[E0232]: this attribute must have a valid value
  --> $DIR/bad-annotation.rs:52:26
   |
LL | #[rustc_on_unimplemented(on="x", message="y")]
   |                          ^^^^^^ expected value here
   |
   = note: eg `#[rustc_on_unimplemented(message="foo")]`

error[E0232]: this attribute must have a valid value
  --> $DIR/bad-annotation.rs:59:40
   |
LL | #[rustc_on_unimplemented(on(desugared, on(desugared, message="x")), message="y")]
   |                                        ^^^^^^^^^^^^^^^^^^^^^^^^^^ expected value here
   |
   = note: eg `#[rustc_on_unimplemented(message="foo")]`

error: aborting due to 8 previous errors; 2 warnings emitted

For more information about this error, try `rustc --explain E0232`.
