warning: trait item `hello` from `B` shadows identically named item from supertrait
  --> $DIR/common-ancestor.rs:23:8
   |
LL |     ().hello();
   |        ^^^^^
   |
note: item from `B` shadows a supertrait item
  --> $DIR/common-ancestor.rs:16:5
   |
LL |     fn hello(&self) {
   |     ^^^^^^^^^^^^^^^
note: item from `A` is shadowed by a subtrait item
  --> $DIR/common-ancestor.rs:9:5
   |
LL |     fn hello(&self) {
   |     ^^^^^^^^^^^^^^^
note: the lint level is defined here
  --> $DIR/common-ancestor.rs:5:9
   |
LL | #![warn(supertrait_item_shadowing_usage)]
   |         ^^^^^^^^^^^^^^^^^^^^^^^^^^^^^^^

warning: 1 warning emitted

