warning: trait item `hello` from `C` shadows identically named item from supertrait
  --> $DIR/common-ancestor-2.rs:30:8
   |
LL |     ().hello();
   |        ^^^^^
   |
note: item from `C` shadows a supertrait item
  --> $DIR/common-ancestor-2.rs:23:5
   |
LL |     fn hello(&self) {
   |     ^^^^^^^^^^^^^^^
note: items from several supertraits are shadowed: `A` and `B`
  --> $DIR/common-ancestor-2.rs:9:5
   |
LL |     fn hello(&self) {
   |     ^^^^^^^^^^^^^^^
...
LL |     fn hello(&self) {
   |     ^^^^^^^^^^^^^^^
note: the lint level is defined here
  --> $DIR/common-ancestor-2.rs:5:9
   |
LL | #![warn(supertrait_item_shadowing_usage)]
   |         ^^^^^^^^^^^^^^^^^^^^^^^^^^^^^^^

warning: 1 warning emitted

