warning: trait item `hello` from `D` shadows identically named item from supertrait
  --> $DIR/common-ancestor-3.rs:39:8
   |
LL |     ().hello();
   |        ^^^^^
   |
note: item from `D` shadows a supertrait item
  --> $DIR/common-ancestor-3.rs:32:5
   |
LL |     fn hello(&self) {
   |     ^^^^^^^^^^^^^^^
note: items from several supertraits are shadowed: `A`, `B`, and `C`
  --> $DIR/common-ancestor-3.rs:9:5
   |
LL |     fn hello(&self) {
   |     ^^^^^^^^^^^^^^^
...
LL |     fn hello(&self) {
   |     ^^^^^^^^^^^^^^^
...
LL |     fn hello(&self) {
   |     ^^^^^^^^^^^^^^^
note: the lint level is defined here
  --> $DIR/common-ancestor-3.rs:5:9
   |
LL | #![warn(supertrait_item_shadowing_usage)]
   |         ^^^^^^^^^^^^^^^^^^^^^^^^^^^^^^^

warning: 1 warning emitted

