error[E0308]: mismatched types
  --> $DIR/pattern-errors.rs:23:17
   |
LL |     if let Some(&mut Some(&_)) = &Some(&Some(0)) {
   |                 ^^^^^
   |
   = note: cannot match inherited `&` with `&mut` pattern
help: replace this `&mut` pattern with `&`
   |
LL |     if let Some(&Some(&_)) = &Some(&Some(0)) {
   |                 ~

error[E0308]: mismatched types
  --> $DIR/pattern-errors.rs:26:23
   |
LL |     if let Some(&Some(&mut _)) = &Some(&mut Some(0)) {
   |                       ^^^^^
   |
   = note: cannot match inherited `&` with `&mut` pattern
help: replace this `&mut` pattern with `&`
   |
LL |     if let Some(&Some(&_)) = &Some(&mut Some(0)) {
   |                       ~

error[E0308]: mismatched types
  --> $DIR/pattern-errors.rs:29:23
   |
LL |     if let Some(&Some(&mut _)) = &mut Some(&Some(0)) {
   |                       ^^^^^
   |
   = note: cannot match inherited `&` with `&mut` pattern
help: replace this `&mut` pattern with `&`
   |
LL |     if let Some(&Some(&_)) = &mut Some(&Some(0)) {
   |                       ~

error[E0308]: mismatched types
  --> $DIR/pattern-errors.rs:32:28
   |
LL |     if let Some(&Some(Some(&mut _))) = &Some(Some(&mut Some(0))) {
   |                            ^^^^^
   |
   = note: cannot match inherited `&` with `&mut` pattern
help: replace this `&mut` pattern with `&`
   |
LL |     if let Some(&Some(Some(&_))) = &Some(Some(&mut Some(0))) {
   |                            ~

error[E0308]: mismatched types
  --> $DIR/pattern-errors.rs:35:17
   |
LL |     if let Some(&mut Some(x)) = &Some(Some(0)) {
   |                 ^^^^^
   |
   = note: cannot match inherited `&` with `&mut` pattern
help: replace this `&mut` pattern with `&`
   |
LL |     if let Some(&Some(x)) = &Some(Some(0)) {
   |                 ~

error[E0308]: mismatched types
  --> $DIR/pattern-errors.rs:41:11
   |
LL |     let &[&mut x] = &&mut [0];
   |           ^^^^^
   |
   = note: cannot match inherited `&` with `&mut` pattern
help: replace this `&mut` pattern with `&`
   |
LL |     let &[&x] = &&mut [0];
   |           ~

error[E0308]: mismatched types
  --> $DIR/pattern-errors.rs:46:11
   |
LL |     let &[&mut x] = &mut &mut [0];
   |           ^^^^^
   |
   = note: cannot match inherited `&` with `&mut` pattern
help: replace this `&mut` pattern with `&`
   |
LL |     let &[&x] = &mut &mut [0];
   |           ~

error[E0308]: mismatched types
  --> $DIR/pattern-errors.rs:51:11
   |
LL |     let &[&mut ref x] = &&mut [0];
   |           ^^^^^
   |
   = note: cannot match inherited `&` with `&mut` pattern
help: replace this `&mut` pattern with `&`
   |
LL |     let &[&ref x] = &&mut [0];
   |           ~

error[E0308]: mismatched types
  --> $DIR/pattern-errors.rs:56:11
   |
LL |     let &[&mut ref x] = &mut &mut [0];
   |           ^^^^^
   |
   = note: cannot match inherited `&` with `&mut` pattern
help: replace this `&mut` pattern with `&`
   |
LL |     let &[&ref x] = &mut &mut [0];
   |           ~

error[E0308]: mismatched types
  --> $DIR/pattern-errors.rs:61:11
   |
LL |     let &[&mut mut x] = &&mut [0];
   |           ^^^^^
   |
   = note: cannot match inherited `&` with `&mut` pattern
help: replace this `&mut` pattern with `&`
   |
LL |     let &[&mut x] = &&mut [0];
   |           ~

error[E0308]: mismatched types
  --> $DIR/pattern-errors.rs:66:11
   |
LL |     let &[&mut mut x] = &mut &mut [0];
   |           ^^^^^
   |
   = note: cannot match inherited `&` with `&mut` pattern
help: replace this `&mut` pattern with `&`
   |
LL |     let &[&mut x] = &mut &mut [0];
   |           ~

error[E0658]: binding cannot be both mutable and by-reference
  --> $DIR/pattern-errors.rs:73:12
   |
LL |     let [&(mut x)] = &[&0];
   |            ^^^^
   |
   = note: see issue #123076 <https://github.com/rust-lang/rust/issues/123076> for more information
   = help: add `#![feature(mut_ref)]` to the crate attributes to enable
   = note: this compiler was built on YYYY-MM-DD; consider upgrading it if it is out of date

error[E0658]: binding cannot be both mutable and by-reference
  --> $DIR/pattern-errors.rs:77:12
   |
LL |     let [&(mut x)] = &mut [&0];
   |            ^^^^
   |
   = note: see issue #123076 <https://github.com/rust-lang/rust/issues/123076> for more information
   = help: add `#![feature(mut_ref)]` to the crate attributes to enable
   = note: this compiler was built on YYYY-MM-DD; consider upgrading it if it is out of date

error[E0308]: mismatched types
  --> $DIR/pattern-errors.rs:83:11
   |
LL |     let [&&mut x] = &[&mut 0];
   |           ^^^^^
   |
   = note: cannot match inherited `&` with `&mut` pattern
help: replace this `&mut` pattern with `&`
   |
LL |     let [&&x] = &[&mut 0];
   |           ~

error[E0308]: mismatched types
  --> $DIR/pattern-errors.rs:88:11
   |
LL |     let [&&mut x] = &mut [&mut 0];
   |           ^^^^^
   |
   = note: cannot match inherited `&` with `&mut` pattern
help: replace this `&mut` pattern with `&`
   |
LL |     let [&&x] = &mut [&mut 0];
   |           ~

error[E0308]: mismatched types
  --> $DIR/pattern-errors.rs:93:11
   |
LL |     let [&&mut ref x] = &[&mut 0];
   |           ^^^^^
   |
   = note: cannot match inherited `&` with `&mut` pattern
help: replace this `&mut` pattern with `&`
   |
LL |     let [&&ref x] = &[&mut 0];
   |           ~

error[E0308]: mismatched types
  --> $DIR/pattern-errors.rs:98:11
   |
LL |     let [&&mut ref x] = &mut [&mut 0];
   |           ^^^^^
   |
   = note: cannot match inherited `&` with `&mut` pattern
help: replace this `&mut` pattern with `&`
   |
LL |     let [&&ref x] = &mut [&mut 0];
   |           ~

error[E0308]: mismatched types
  --> $DIR/pattern-errors.rs:103:11
   |
LL |     let [&&mut mut x] = &[&mut 0];
   |           ^^^^^
   |
   = note: cannot match inherited `&` with `&mut` pattern
help: replace this `&mut` pattern with `&`
   |
LL |     let [&&mut x] = &[&mut 0];
   |           ~

error[E0308]: mismatched types
  --> $DIR/pattern-errors.rs:108:11
   |
LL |     let [&&mut mut x] = &mut [&mut 0];
   |           ^^^^^
   |
   = note: cannot match inherited `&` with `&mut` pattern
help: replace this `&mut` pattern with `&`
   |
LL |     let [&&mut x] = &mut [&mut 0];
   |           ~

error: aborting due to 19 previous errors

Some errors have detailed explanations: E0308, E0658.
For more information about an error, try `rustc --explain E0308`.
