error[E0308]: mismatched types
  --> $DIR/well-typed-edition-2024.rs:32:23
   |
LL |     if let Some(Some(&&x)) = &Some(Some(&0)) {
   |                       ^^     --------------- this expression has type `&Option<Option<&{integer}>>`
   |                       |
   |                       expected integer, found `&_`
   |
   = note:   expected type `{integer}`
           found reference `&_`
help: consider removing `&` from the pattern
   |
LL -     if let Some(Some(&&x)) = &Some(Some(&0)) {
LL +     if let Some(Some(&x)) = &Some(Some(&0)) {
   |

error[E0308]: mismatched types
  --> $DIR/well-typed-edition-2024.rs:63:23
   |
LL |     if let Some(&Some(&x)) = &Some(&Some(0)) {
   |                       ^^     --------------- this expression has type `&Option<&Option<{integer}>>`
   |                       |
   |                       expected integer, found `&_`
   |
   = note:   expected type `{integer}`
           found reference `&_`
help: consider removing `&` from the pattern
   |
LL -     if let Some(&Some(&x)) = &Some(&Some(0)) {
LL +     if let Some(&Some(x)) = &Some(&Some(0)) {
   |

error[E0308]: mismatched types
  --> $DIR/well-typed-edition-2024.rs:82:23
   |
LL |     if let Some(&Some(&x)) = &Some(&mut Some(0)) {
   |                       ^^     ------------------- this expression has type `&Option<&mut Option<{integer}>>`
   |                       |
   |                       expected integer, found `&_`
   |
   = note:   expected type `{integer}`
           found reference `&_`
help: consider removing `&` from the pattern
   |
LL -     if let Some(&Some(&x)) = &Some(&mut Some(0)) {
LL +     if let Some(&Some(x)) = &Some(&mut Some(0)) {
   |

error[E0308]: mismatched types
  --> $DIR/well-typed-edition-2024.rs:88:23
   |
LL |     if let Some(&Some(&x)) = &mut Some(&Some(0)) {
   |                       ^^     ------------------- this expression has type `&mut Option<&Option<{integer}>>`
   |                       |
   |                       expected integer, found `&_`
   |
   = note:   expected type `{integer}`
           found reference `&_`
help: consider removing `&` from the pattern
   |
LL -     if let Some(&Some(&x)) = &mut Some(&Some(0)) {
LL +     if let Some(&Some(x)) = &mut Some(&Some(0)) {
   |

error[E0308]: mismatched types
  --> $DIR/well-typed-edition-2024.rs:96:10
   |
LL |     let [&mut x] = &mut [&0];
   |          ^^^^^^    --------- this expression has type `&mut [&{integer}; 1]`
   |          |
   |          types differ in mutability
   |
   = note:      expected reference `&{integer}`
           found mutable reference `&mut _`
note: to declare a mutable binding use: `mut x`
  --> $DIR/well-typed-edition-2024.rs:96:10
   |
LL |     let [&mut x] = &mut [&0];
   |          ^^^^^^
help: consider removing `&mut` from the pattern
   |
LL -     let [&mut x] = &mut [&0];
LL +     let [x] = &mut [&0];
   |

error[E0308]: mismatched types
  --> $DIR/well-typed-edition-2024.rs:102:10
   |
LL |     let [&mut ref x] = &mut [&0];
   |          ^^^^^^^^^^    --------- this expression has type `&mut [&{integer}; 1]`
   |          |
   |          types differ in mutability
   |
   = note:      expected reference `&{integer}`
           found mutable reference `&mut _`
note: to declare a mutable binding use: `mut x`
  --> $DIR/well-typed-edition-2024.rs:102:10
   |
LL |     let [&mut ref x] = &mut [&0];
   |          ^^^^^^^^^^
help: consider removing `&mut` from the pattern
   |
LL -     let [&mut ref x] = &mut [&0];
LL +     let [ref x] = &mut [&0];
   |

error[E0308]: mismatched types
  --> $DIR/well-typed-edition-2024.rs:117:10
   |
LL |     let [&mut mut x] = &mut [&0];
   |          ^^^^^^^^^^    --------- this expression has type `&mut [&{integer}; 1]`
   |          |
   |          types differ in mutability
   |
   = note:      expected reference `&{integer}`
           found mutable reference `&mut _`
note: to declare a mutable binding use: `mut x`
  --> $DIR/well-typed-edition-2024.rs:117:10
   |
LL |     let [&mut mut x] = &mut [&0];
   |          ^^^^^^^^^^
help: consider removing `&mut` from the pattern
   |
LL -     let [&mut mut x] = &mut [&0];
LL +     let [mut x] = &mut [&0];
   |

error[E0308]: mismatched types
  --> $DIR/well-typed-edition-2024.rs:123:10
   |
LL |     let [&mut &x] = &mut [&0];
   |          ^^^^^^^    --------- this expression has type `&mut [&{integer}; 1]`
   |          |
   |          types differ in mutability
   |
   = note:      expected reference `&{integer}`
           found mutable reference `&mut _`

error[E0308]: mismatched types
  --> $DIR/well-typed-edition-2024.rs:129:10
   |
LL |     let [&mut &ref x] = &mut [&0];
   |          ^^^^^^^^^^^    --------- this expression has type `&mut [&{integer}; 1]`
   |          |
   |          types differ in mutability
   |
   = note:      expected reference `&{integer}`
           found mutable reference `&mut _`

error[E0308]: mismatched types
  --> $DIR/well-typed-edition-2024.rs:135:10
   |
LL |     let [&mut &(mut x)] = &mut [&0];
   |          ^^^^^^^^^^^^^    --------- this expression has type `&mut [&{integer}; 1]`
   |          |
   |          types differ in mutability
   |
   = note:      expected reference `&{integer}`
           found mutable reference `&mut _`

error[E0308]: mismatched types
  --> $DIR/well-typed-edition-2024.rs:109:14
   |
LL |         let [&mut ref mut x] = &mut [&0];
   |              ^^^^^^^^^^^^^^    --------- this expression has type `&mut [&{integer}; 1]`
   |              |
   |              types differ in mutability
   |
   = note:      expected reference `&{integer}`
           found mutable reference `&mut _`
note: to declare a mutable binding use: `mut x`
  --> $DIR/well-typed-edition-2024.rs:109:14
   |
LL |         let [&mut ref mut x] = &mut [&0];
   |              ^^^^^^^^^^^^^^
help: consider removing `&mut` from the pattern
   |
LL -         let [&mut ref mut x] = &mut [&0];
LL +         let [ref mut x] = &mut [&0];
   |

error: aborting due to 11 previous errors

For more information about this error, try `rustc --explain E0308`.
