error: unreachable expression
  --> $DIR/unreachable-by-call-arguments-issue-139627.rs:10:10
   |
LL |     let s = S(void);
   |             ------- any code following this expression is unreachable
LL |     drop(s);
   |          ^ unreachable expression
   |
note: this expression has type `S<Void>`, which is uninhabited
  --> $DIR/unreachable-by-call-arguments-issue-139627.rs:9:13
   |
LL |     let s = S(void);
   |             ^^^^^^^
note: the lint level is defined here
  --> $DIR/unreachable-by-call-arguments-issue-139627.rs:2:9
   |
LL | #![deny(unused)]
   |         ^^^^^^
   = note: `#[deny(unreachable_code)]` implied by `#[deny(unused)]`

error: unused variable: `s`
  --> $DIR/unreachable-by-call-arguments-issue-139627.rs:9:9
   |
LL |     let s = S(void);
   |         ^ help: if this is intentional, prefix it with an underscore: `_s`
   |
   = note: `#[deny(unused_variables)]` implied by `#[deny(unused)]`

error: unused variable: `void1`
  --> $DIR/unreachable-by-call-arguments-issue-139627.rs:8:24
   |
LL | pub fn foo(void: Void, void1: Void) {
   |                        ^^^^^ help: if this is intentional, prefix it with an underscore: `_void1`

error: aborting due to 3 previous errors

